-- complain if script is sourced in psql, rather than via CREATE EXTENSION
\echo Use "CREATE EXTENSION vector" to load this file. \quit
Use "CREATE EXTENSION vector" to load this file.
